==23575== Memcheck, a memory error detector
==23575== Copyright (C) 2002-2017, and GNU GPL'd, by Julian Seward et al.
==23575== Using Valgrind-3.16.1-36d6727e1d-20200622X and LibVEX; rerun with -h for copyright info
==23575== Command: ./myprogram
==23575== Parent PID: 22633
==23575== 
--23575-- 
--23575-- Valgrind options:
--23575--    --trace-children=yes
--23575--    --show-leak-kinds=all
--23575--    --leak-check=full
--23575--    -v
--23575--    --track-origins=yes
--23575--    --dsymutil=yes
--23575--    --log-file=vg_logfile_%p.out
--23575-- Contents of /proc/version:
--23575--   Linux version 3.10.0-1127.el7.x86_64 (mockbuild@kbuilder.bsys.centos.org) (gcc version 4.8.5 20150623 (Red Hat 4.8.5-39) (GCC) ) #1 SMP Tue Mar 31 23:36:51 UTC 2020
--23575-- 
--23575-- Arch and hwcaps: AMD64, LittleEndian, amd64-cx16-lzcnt-rdtscp-sse3-ssse3-avx-avx2-bmi-f16c-rdrand
--23575-- Page sizes: currently 4096, max supported 4096
--23575-- Valgrind library directory: /hpc/apps/valgrind/3.16.1/lib/valgrind
--23575-- Reading syms from /scratch/u/yu89975/fastF/test/myprogram
--23575-- Reading syms from /usr/lib64/ld-2.17.so
--23575-- Reading syms from /hpc/apps/valgrind/3.16.1/lib/valgrind/memcheck-amd64-linux
--23575--    object doesn't have a dynamic symbol table
--23575-- Scheduler: using generic scheduler lock implementation.
--23575-- Reading suppressions file: /hpc/apps/valgrind/3.16.1/lib/valgrind/default.supp
==23575== embedded gdbserver: reading from /tmp/vgdb-pipe-from-vgdb-to-23575-by-yu89975-on-ln04
==23575== embedded gdbserver: writing to   /tmp/vgdb-pipe-to-vgdb-from-23575-by-yu89975-on-ln04
==23575== embedded gdbserver: shared mem   /tmp/vgdb-pipe-shared-mem-vgdb-23575-by-yu89975-on-ln04
==23575== 
==23575== TO CONTROL THIS PROCESS USING vgdb (which you probably
==23575== don't want to do, unless you know exactly what you're doing,
==23575== or are doing some strange experiment):
==23575==   /hpc/apps/valgrind/3.16.1/lib/valgrind/../../bin/vgdb --pid=23575 ...command...
==23575== 
==23575== TO DEBUG THIS PROCESS USING GDB: start GDB like this
==23575==   /path/to/gdb ./myprogram
==23575== and then give GDB the following command
==23575==   target remote | /hpc/apps/valgrind/3.16.1/lib/valgrind/../../bin/vgdb --pid=23575
==23575== --pid is optional if only one valgrind process is running
==23575== 
--23575-- REDIR: 0x4019e30 (ld-linux-x86-64.so.2:strlen) redirected to 0x580cb245 (vgPlain_amd64_linux_REDIR_FOR_strlen)
--23575-- REDIR: 0x4019c00 (ld-linux-x86-64.so.2:index) redirected to 0x580cb25f (vgPlain_amd64_linux_REDIR_FOR_index)
--23575-- Reading syms from /hpc/apps/valgrind/3.16.1/lib/valgrind/vgpreload_core-amd64-linux.so
--23575-- Reading syms from /hpc/apps/valgrind/3.16.1/lib/valgrind/vgpreload_memcheck-amd64-linux.so
==23575== WARNING: new redirection conflicts with existing -- ignoring it
--23575--     old: 0x04019e30 (strlen              ) R-> (0000.0) 0x580cb245 vgPlain_amd64_linux_REDIR_FOR_strlen
--23575--     new: 0x04019e30 (strlen              ) R-> (2007.0) 0x04c2d1b0 strlen
--23575-- REDIR: 0x4019db0 (ld-linux-x86-64.so.2:strcmp) redirected to 0x4c2e300 (strcmp)
--23575-- REDIR: 0x401aa70 (ld-linux-x86-64.so.2:mempcpy) redirected to 0x4c31f90 (mempcpy)
--23575-- Reading syms from /usr/lib64/libsqlite3.so.0.8.6
--23575--    object doesn't have a symbol table
--23575-- Reading syms from /usr/lib64/libz.so.1.2.7
--23575--    object doesn't have a symbol table
--23575-- Reading syms from /usr/lib64/libc-2.17.so
--23575-- Reading syms from /usr/lib64/libdl-2.17.so
--23575-- Reading syms from /usr/lib64/libpthread-2.17.so
--23575-- REDIR: 0x5392130 (libc.so.6:strcasecmp) redirected to 0x4a247a0 (_vgnU_ifunc_wrapper)
--23575-- REDIR: 0x538eeb0 (libc.so.6:strnlen) redirected to 0x4a247a0 (_vgnU_ifunc_wrapper)
--23575-- REDIR: 0x5394400 (libc.so.6:strncasecmp) redirected to 0x4a247a0 (_vgnU_ifunc_wrapper)
--23575-- REDIR: 0x5391910 (libc.so.6:memset) redirected to 0x4a247a0 (_vgnU_ifunc_wrapper)
--23575-- REDIR: 0x53918c0 (libc.so.6:memcpy@GLIBC_2.2.5) redirected to 0x4a247a0 (_vgnU_ifunc_wrapper)
--23575-- REDIR: 0x538ed80 (libc.so.6:strlen) redirected to 0x4a247a0 (_vgnU_ifunc_wrapper)
--23575-- REDIR: 0x538d330 (libc.so.6:strcmp) redirected to 0x4a247a0 (_vgnU_ifunc_wrapper)
--23575-- REDIR: 0x5396ad0 (libc.so.6:memcpy@@GLIBC_2.14) redirected to 0x4a247a0 (_vgnU_ifunc_wrapper)
--23575-- REDIR: 0x5391a70 (libc.so.6:mempcpy) redirected to 0x4a247a0 (_vgnU_ifunc_wrapper)
--23575-- REDIR: 0x538e7c0 (libc.so.6:strcpy) redirected to 0x4a247a0 (_vgnU_ifunc_wrapper)
--23575-- REDIR: 0x538d070 (libc.so.6:strcat) redirected to 0x4a247a0 (_vgnU_ifunc_wrapper)
--23575-- REDIR: 0x538edd0 (libc.so.6:__GI_strlen) redirected to 0x4c2d110 (__GI_strlen)
--23575-- REDIR: 0x53908a0 (libc.so.6:__GI_strrchr) redirected to 0x4c2cb70 (__GI_strrchr)
--23575-- REDIR: 0x53876b0 (libc.so.6:malloc) redirected to 0x4c29eec (malloc)
--23575-- REDIR: 0x5391970 (libc.so.6:__GI_memset) redirected to 0x4c30ee0 (memset)
--23575-- REDIR: 0x5387ad0 (libc.so.6:free) redirected to 0x4c2afe6 (free)
--23575-- REDIR: 0x5456a40 (libc.so.6:__memcpy_ssse3_back) redirected to 0x4c2e7b0 (memcpy@@GLIBC_2.14)
--23575-- REDIR: 0x5471680 (libc.so.6:__strlen_sse2_pminub) redirected to 0x4c2d0f0 (strlen)
--23575-- REDIR: 0x538ef90 (libc.so.6:strncmp) redirected to 0x4a247a0 (_vgnU_ifunc_wrapper)
--23575-- REDIR: 0x5441b40 (libc.so.6:__strncmp_sse42) redirected to 0x4c2da20 (__strncmp_sse42)
--23575-- REDIR: 0x539c6e0 (libc.so.6:__strcpy_sse2_unaligned) redirected to 0x4c2d1d0 (strcpy)
--23575-- REDIR: 0x53912f0 (libc.so.6:bcmp) redirected to 0x4a247a0 (_vgnU_ifunc_wrapper)
--23575-- REDIR: 0x546bfb0 (libc.so.6:__memcmp_sse4_1) redirected to 0x4c30590 (__memcmp_sse4_1)
--23575-- REDIR: 0x5387bb0 (libc.so.6:realloc) redirected to 0x4c2c1c5 (realloc)
--23575-- REDIR: 0x54171f0 (libc.so.6:__memcpy_chk) redirected to 0x4a247a0 (_vgnU_ifunc_wrapper)
--23575-- REDIR: 0x5456a30 (libc.so.6:__memcpy_chk_ssse3_back) redirected to 0x4c32080 (__memcpy_chk)
--23575-- REDIR: 0x5390fa0 (libc.so.6:memchr) redirected to 0x4c2e3a0 (memchr)
--23575-- REDIR: 0x53981b0 (libc.so.6:__GI___rawmemchr) redirected to 0x4c31b10 (__GI___rawmemchr)
==23575== 
==23575== HEAP SUMMARY:
==23575==     in use at exit: 40 bytes in 1 blocks
==23575==   total heap usage: 10,442 allocs, 10,441 frees, 5,489,316 bytes allocated
==23575== 
==23575== Searching for pointers to 1 not-freed blocks
==23575== Checked 134,752 bytes
==23575== 
==23575== 40 bytes in 1 blocks are definitely lost in loss record 1 of 1
==23575==    at 0x4C29F73: malloc (vg_replace_malloc.c:307)
==23575==    by 0x4E6B2C6: ??? (in /usr/lib64/libsqlite3.so.0.8.6)
==23575==    by 0x4E46689: ??? (in /usr/lib64/libsqlite3.so.0.8.6)
==23575==    by 0x4E4EA05: ??? (in /usr/lib64/libsqlite3.so.0.8.6)
==23575==    by 0x4E5DE4F: ??? (in /usr/lib64/libsqlite3.so.0.8.6)
==23575==    by 0x4E965A2: sqlite3_vmprintf (in /usr/lib64/libsqlite3.so.0.8.6)
==23575==    by 0x4E9667C: sqlite3_mprintf (in /usr/lib64/libsqlite3.so.0.8.6)
==23575==    by 0x401314: main (in /scratch/u/yu89975/fastF/test/myprogram)
==23575== 
==23575== LEAK SUMMARY:
==23575==    definitely lost: 40 bytes in 1 blocks
==23575==    indirectly lost: 0 bytes in 0 blocks
==23575==      possibly lost: 0 bytes in 0 blocks
==23575==    still reachable: 0 bytes in 0 blocks
==23575==         suppressed: 0 bytes in 0 blocks
==23575== 
==23575== ERROR SUMMARY: 1 errors from 1 contexts (suppressed: 0 from 0)
