==25339== Memcheck, a memory error detector
==25339== Copyright (C) 2002-2017, and GNU GPL'd, by Julian Seward et al.
==25339== Using Valgrind-3.16.1-36d6727e1d-20200622X and LibVEX; rerun with -h for copyright info
==25339== Command: ./a.out
==25339== Parent PID: 20079
==25339== 
--25339-- 
--25339-- Valgrind options:
--25339--    --trace-children=yes
--25339--    --show-leak-kinds=all
--25339--    --leak-check=full
--25339--    -v
--25339--    --track-origins=yes
--25339--    --dsymutil=yes
--25339--    --log-file=vg_logfile_%p.out
--25339-- Contents of /proc/version:
--25339--   Linux version 3.10.0-1127.el7.x86_64 (mockbuild@kbuilder.bsys.centos.org) (gcc version 4.8.5 20150623 (Red Hat 4.8.5-39) (GCC) ) #1 SMP Tue Mar 31 23:36:51 UTC 2020
--25339-- 
--25339-- Arch and hwcaps: AMD64, LittleEndian, amd64-cx16-lzcnt-rdtscp-sse3-ssse3-avx-avx2-bmi-f16c-rdrand
--25339-- Page sizes: currently 4096, max supported 4096
--25339-- Valgrind library directory: /hpc/apps/valgrind/3.16.1/lib/valgrind
--25339-- Reading syms from /scratch/u/yu89975/fastF/test/a.out
--25339-- Reading syms from /usr/lib64/ld-2.17.so
--25339-- Reading syms from /hpc/apps/valgrind/3.16.1/lib/valgrind/memcheck-amd64-linux
--25339--    object doesn't have a dynamic symbol table
--25339-- Scheduler: using generic scheduler lock implementation.
--25339-- Reading suppressions file: /hpc/apps/valgrind/3.16.1/lib/valgrind/default.supp
==25339== embedded gdbserver: reading from /tmp/vgdb-pipe-from-vgdb-to-25339-by-yu89975-on-ln03
==25339== embedded gdbserver: writing to   /tmp/vgdb-pipe-to-vgdb-from-25339-by-yu89975-on-ln03
==25339== embedded gdbserver: shared mem   /tmp/vgdb-pipe-shared-mem-vgdb-25339-by-yu89975-on-ln03
==25339== 
==25339== TO CONTROL THIS PROCESS USING vgdb (which you probably
==25339== don't want to do, unless you know exactly what you're doing,
==25339== or are doing some strange experiment):
==25339==   /hpc/apps/valgrind/3.16.1/lib/valgrind/../../bin/vgdb --pid=25339 ...command...
==25339== 
==25339== TO DEBUG THIS PROCESS USING GDB: start GDB like this
==25339==   /path/to/gdb ./a.out
==25339== and then give GDB the following command
==25339==   target remote | /hpc/apps/valgrind/3.16.1/lib/valgrind/../../bin/vgdb --pid=25339
==25339== --pid is optional if only one valgrind process is running
==25339== 
--25339-- REDIR: 0x4019e30 (ld-linux-x86-64.so.2:strlen) redirected to 0x580cb245 (vgPlain_amd64_linux_REDIR_FOR_strlen)
--25339-- REDIR: 0x4019c00 (ld-linux-x86-64.so.2:index) redirected to 0x580cb25f (vgPlain_amd64_linux_REDIR_FOR_index)
--25339-- Reading syms from /hpc/apps/valgrind/3.16.1/lib/valgrind/vgpreload_core-amd64-linux.so
--25339-- Reading syms from /hpc/apps/valgrind/3.16.1/lib/valgrind/vgpreload_memcheck-amd64-linux.so
==25339== WARNING: new redirection conflicts with existing -- ignoring it
--25339--     old: 0x04019e30 (strlen              ) R-> (0000.0) 0x580cb245 vgPlain_amd64_linux_REDIR_FOR_strlen
--25339--     new: 0x04019e30 (strlen              ) R-> (2007.0) 0x04c2d1b0 strlen
--25339-- REDIR: 0x4019db0 (ld-linux-x86-64.so.2:strcmp) redirected to 0x4c2e300 (strcmp)
--25339-- REDIR: 0x401aa70 (ld-linux-x86-64.so.2:mempcpy) redirected to 0x4c31f90 (mempcpy)
--25339-- Reading syms from /usr/lib64/libc-2.17.so
--25339-- REDIR: 0x4ec7130 (libc.so.6:strcasecmp) redirected to 0x4a247a0 (_vgnU_ifunc_wrapper)
--25339-- REDIR: 0x4ec3eb0 (libc.so.6:strnlen) redirected to 0x4a247a0 (_vgnU_ifunc_wrapper)
--25339-- REDIR: 0x4ec9400 (libc.so.6:strncasecmp) redirected to 0x4a247a0 (_vgnU_ifunc_wrapper)
--25339-- REDIR: 0x4ec6910 (libc.so.6:memset) redirected to 0x4a247a0 (_vgnU_ifunc_wrapper)
--25339-- REDIR: 0x4ec68c0 (libc.so.6:memcpy@GLIBC_2.2.5) redirected to 0x4a247a0 (_vgnU_ifunc_wrapper)
--25339-- REDIR: 0x4ec58a0 (libc.so.6:__GI_strrchr) redirected to 0x4c2cb70 (__GI_strrchr)
--25339-- REDIR: 0x4ebc6b0 (libc.so.6:malloc) redirected to 0x4c29eec (malloc)
--25339-- REDIR: 0x4ecd3c0 (libc.so.6:strchrnul) redirected to 0x4c31ab0 (strchrnul)
--25339-- REDIR: 0x4ec6ae0 (libc.so.6:__GI_mempcpy) redirected to 0x4c31cc0 (__GI_mempcpy)
--25339-- REDIR: 0x4ebcad0 (libc.so.6:free) redirected to 0x4c2afe6 (free)
--25339-- REDIR: 0x4ebcbb0 (libc.so.6:realloc) redirected to 0x4c2c1c5 (realloc)
==25339== 
==25339== HEAP SUMMARY:
==25339==     in use at exit: 0 bytes in 0 blocks
==25339==   total heap usage: 2 allocs, 2 frees, 9 bytes allocated
==25339== 
==25339== All heap blocks were freed -- no leaks are possible
==25339== 
==25339== ERROR SUMMARY: 0 errors from 0 contexts (suppressed: 0 from 0)
